 ,-----. ,------. ,------.,------.   ,---. ,--------.,--. ,-----. ,--.  ,--. ,---. ,------.,------.   ,---.   ,-----.,--------.,--. ,-----. ,--.  ,--.  ,---. ,--------.,--. ,-----. ,--.  ,--.  ,---.  ,------. ,--.
'  .-.  '|  .--. '|  .---'|  .--. ' /  O  \'--.  .--'|  |'  .-.  '|  ,'.|  |'   .-'|  .---'|  .--. ' /  O  \ '  .--./'--.  .--'|  |'  .-.  '|  ,'.|  | /  O  \'--.  .--'|  |'  .-.  '|  ,'.|  | /  O  \ |  .--. '|  |
|  | |  ||  '--' ||  `--, |  '--'.'|  .-.  |  |  |   |  ||  | |  ||  |' '  |`.  `-.|  `--, |  '--'.'|  .-.  ||  |       |  |   |  ||  | |  ||  |' '  ||  .-.  |  |  |   |  ||  | |  ||  |' '  ||  .-.  ||  '--' ||  |
'  '-'  '|  | --' |  `---.|  |\  \ |  | |  |  |  |   |  |'  '-'  '|  | `   |.-'    |  |`   |  |\  \ |  | |  |'  '--'\   |  |   |  |'  '-'  '|  | `   ||  | |  |  |  |   |  |'  '-'  '|  | `   ||  | |  ||  | --' |  |
 `-----' `--'     `------'`--' '--'`--' `--'  `--'   `--' `-----' `--'  `--'`-----'`--'    `--' '--'`--' `--' `-----'   `--'   `--' `-----' `--'  `--'`--' `--'  `--'   `--' `-----' `--'  `--'`--' `--'`--'     `--'

Operations Fractionation Api 0.68.4-alpha.19
Powered by Spring Boot 3.5.16

[30m2026-08-26T02:26:19,887[m [32mINFO  [m[[1;34mmain[m] [36mStartupInfoLogger[m - Starting OperationsFractionationApiApplication v0.68.4-alpha.19 using Java 17.0.20.1 with PID 1 (/app/app.jar started by javauser in /app)
[30m2026-08-26T02:26:19,951[m [32mINFO  [m[[1;34mmain[m] [36mSpringApplication[m - The following 1 profile is active: "dev"
[30m2026-08-26T02:26:24,961[m [32mINFO  [m[[1;34mmain[m] [36mRepositoryConfigurationDelegate[m - Bootstrapping Spring Data JPA repositories in DEFAULT mode.
[30m2026-08-26T02:26:25,363[m [32mINFO  [m[[1;34mmain[m] [36mRepositoryConfigurationDelegate[m - Finished Spring Data repository scanning in 386 ms. Found 17 JPA repository interfaces.
[30m2026-08-26T02:26:28,353[m [32mINFO  [m[[1;34mmain[m] [36mTomcatWebServer[m - Tomcat initialized with port 8080 (http)
[30m2026-08-26T02:26:28,377[m [32mINFO  [m[[1;34mmain[m] [36mDirectJDKLog[m - Initializing ProtocolHandler ["http-nio-8080"]
[30m2026-08-26T02:26:28,380[m [32mINFO  [m[[1;34mmain[m] [36mDirectJDKLog[m - Starting service [Tomcat]
[30m2026-08-26T02:26:28,381[m [32mINFO  [m[[1;34mmain[m] [36mDirectJDKLog[m - Starting Servlet engine: [Apache Tomcat/11.0.24]
[30m2026-08-26T02:26:28,658[m [32mINFO  [m[[1;34mmain[m] [36mDirectJDKLog[m - Initializing Spring embedded WebApplicationContext
[30m2026-08-26T02:26:28,662[m [32mINFO  [m[[1;34mmain[m] [36mServletWebServerApplicationContext[m - Root WebApplicationContext: initialization completed in 8519 ms
[30m2026-08-26T02:26:31,583[m [32mINFO  [m[[1;34mmain[m] [36mSpringPersistenceUnitInfo[m - No LoadTimeWeaver setup: ignoring JPA class transformer
[30m2026-08-26T02:26:38,988[m [32mINFO  [m[[1;34mmain[m] [36mAbstractEntityManagerFactoryBean[m - Initialized JPA EntityManagerFactory for persistence unit 'default'
[30m2026-08-26T02:26:39,072[m [32mINFO  [m[[1;34mmain[m] [36mBatchAssignmentTransactionMetricsConfig[m - PERF_ASSIGNMENT_TX_CONFIG service=fracciones transactionManager=org.springframework.orm.jpa.JpaTransactionManager listenerRegistered=true listenerCount=1
[30m2026-08-26T02:26:40,966[m [32mINFO  [m[[1;34mmain[m] [36mQueryEnhancerFactory[m - Hibernate is in classpath; If applicable, HQL parser will be used.
[30m2026-08-26T02:26:44,874[m [32mINFO  [m[[1;34mmain[m] [36mBatchAssignmentServiceImpl[m - PERF_ASSIGNMENT_CONFIG service=fracciones podName=operaciones-fracciones-contado-back-app-5ff55d5976-bktqn batchProcessingSize=80 rulesBatchEnabled=true
[30m2026-08-26T02:26:44,875[m [32mINFO  [m[[1;34mmain[m] [36mBatchAssignmentServiceImpl[m - PERF_ASSIGNMENT_PERSISTENCE_CONFIG service=fracciones podName=operaciones-fracciones-contado-back-app-5ff55d5976-bktqn persistenceDiagnosticsEnabled=true preserveContextAfterSettlementDelete=false
[30m2026-08-26T02:26:48,157[m [32mINFO  [m[[1;34mmain[m] [36mEndpointLinksResolver[m - Exposing 3 endpoints beneath base path '/actuator'
[30m2026-08-26T02:26:48,462[m [32mINFO  [m[[1;34mmain[m] [36mDirectJDKLog[m - Starting ProtocolHandler ["http-nio-8080"]
[30m2026-08-26T02:26:48,537[m [32mINFO  [m[[1;34mmain[m] [36mTomcatWebServer[m - Tomcat started on port 8080 (http) with context path '/operations-fractionation-api'
[30m2026-08-26T02:26:48,568[m [32mINFO  [m[[1;34mmain[m] [36mStartupInfoLogger[m - Started OperationsFractionationApiApplication in 30.921 seconds (process running for 34.018)
