 ,-----. ,------. ,------.,------.   ,---. ,--------.,--. ,-----. ,--.  ,--. ,---. ,------.,------.   ,---.   ,-----.,--------.,--. ,-----. ,--.  ,--.  ,---. ,--------.,--. ,-----. ,--.  ,--.  ,---.  ,------. ,--.
'  .-.  '|  .--. '|  .---'|  .--. ' /  O  \'--.  .--'|  |'  .-.  '|  ,'.|  |'   .-'|  .---'|  .--. ' /  O  \ '  .--./'--.  .--'|  |'  .-.  '|  ,'.|  | /  O  \'--.  .--'|  |'  .-.  '|  ,'.|  | /  O  \ |  .--. '|  |
|  | |  ||  '--' ||  `--, |  '--'.'|  .-.  |  |  |   |  ||  | |  ||  |' '  |`.  `-.|  `--, |  '--'.'|  .-.  ||  |       |  |   |  ||  | |  ||  |' '  ||  .-.  |  |  |   |  ||  | |  ||  |' '  ||  .-.  ||  '--' ||  |
'  '-'  '|  | --' |  `---.|  |\  \ |  | |  |  |  |   |  |'  '-'  '|  | `   |.-'    |  |`   |  |\  \ |  | |  |'  '--'\   |  |   |  |'  '-'  '|  | `   ||  | |  |  |  |   |  |'  '-'  '|  | `   ||  | |  ||  | --' |  |
 `-----' `--'     `------'`--' '--'`--' `--'  `--'   `--' `-----' `--'  `--'`-----'`--'    `--' '--'`--' `--' `-----'   `--'   `--' `-----' `--'  `--'`--' `--'  `--'   `--' `-----' `--'  `--'`--' `--'`--'     `--'

Operations Fractionation Api 0.68.4-alpha.19
Powered by Spring Boot 3.5.16

[30m2026-08-26T03:35:57,863[m [32mINFO  [m[[1;34mmain[m] [36mStartupInfoLogger[m - Starting OperationsFractionationApiApplication v0.68.4-alpha.19 using Java 17.0.20.1 with PID 1 (/app/app.jar started by javauser in /app)
[30m2026-08-26T03:35:57,878[m [32mINFO  [m[[1;34mmain[m] [36mSpringApplication[m - The following 1 profile is active: "dev"
[30m2026-08-26T03:36:02,961[m [32mINFO  [m[[1;34mmain[m] [36mRepositoryConfigurationDelegate[m - Bootstrapping Spring Data JPA repositories in DEFAULT mode.
[30m2026-08-26T03:36:03,360[m [32mINFO  [m[[1;34mmain[m] [36mRepositoryConfigurationDelegate[m - Finished Spring Data repository scanning in 385 ms. Found 17 JPA repository interfaces.
[30m2026-08-26T03:36:06,353[m [32mINFO  [m[[1;34mmain[m] [36mTomcatWebServer[m - Tomcat initialized with port 8080 (http)
[30m2026-08-26T03:36:06,378[m [32mINFO  [m[[1;34mmain[m] [36mDirectJDKLog[m - Initializing ProtocolHandler ["http-nio-8080"]
[30m2026-08-26T03:36:06,383[m [32mINFO  [m[[1;34mmain[m] [36mDirectJDKLog[m - Starting service [Tomcat]
[30m2026-08-26T03:36:06,384[m [32mINFO  [m[[1;34mmain[m] [36mDirectJDKLog[m - Starting Servlet engine: [Apache Tomcat/11.0.24]
[30m2026-08-26T03:36:06,652[m [32mINFO  [m[[1;34mmain[m] [36mDirectJDKLog[m - Initializing Spring embedded WebApplicationContext
[30m2026-08-26T03:36:06,655[m [32mINFO  [m[[1;34mmain[m] [36mServletWebServerApplicationContext[m - Root WebApplicationContext: initialization completed in 8588 ms
[30m2026-08-26T03:36:09,567[m [32mINFO  [m[[1;34mmain[m] [36mSpringPersistenceUnitInfo[m - No LoadTimeWeaver setup: ignoring JPA class transformer
[30m2026-08-26T03:36:17,065[m [32mINFO  [m[[1;34mmain[m] [36mAbstractEntityManagerFactoryBean[m - Initialized JPA EntityManagerFactory for persistence unit 'default'
[30m2026-08-26T03:36:17,240[m [32mINFO  [m[[1;34mmain[m] [36mBatchAssignmentTransactionMetricsConfig[m - PERF_ASSIGNMENT_TX_CONFIG service=fracciones transactionManager=org.springframework.orm.jpa.JpaTransactionManager listenerRegistered=true listenerCount=1
[30m2026-08-26T03:36:18,948[m [32mINFO  [m[[1;34mmain[m] [36mQueryEnhancerFactory[m - Hibernate is in classpath; If applicable, HQL parser will be used.
[30m2026-08-26T03:36:22,484[m [32mINFO  [m[[1;34mmain[m] [36mBatchAssignmentServiceImpl[m - PERF_ASSIGNMENT_CONFIG service=fracciones podName=operaciones-fracciones-contado-back-app-5c465ffdc-kvlng batchProcessingSize=80 rulesBatchEnabled=true
[30m2026-08-26T03:36:22,484[m [32mINFO  [m[[1;34mmain[m] [36mBatchAssignmentServiceImpl[m - PERF_ASSIGNMENT_PERSISTENCE_CONFIG service=fracciones podName=operaciones-fracciones-contado-back-app-5c465ffdc-kvlng persistenceDiagnosticsEnabled=true preserveContextAfterSettlementDelete=true
[30m2026-08-26T03:36:25,343[m [32mINFO  [m[[1;34mmain[m] [36mEndpointLinksResolver[m - Exposing 3 endpoints beneath base path '/actuator'
[30m2026-08-26T03:36:25,677[m [32mINFO  [m[[1;34mmain[m] [36mDirectJDKLog[m - Starting ProtocolHandler ["http-nio-8080"]
[30m2026-08-26T03:36:25,746[m [32mINFO  [m[[1;34mmain[m] [36mTomcatWebServer[m - Tomcat started on port 8080 (http) with context path '/operations-fractionation-api'
[30m2026-08-26T03:36:25,770[m [32mINFO  [m[[1;34mmain[m] [36mStartupInfoLogger[m - Started OperationsFractionationApiApplication in 30.112 seconds (process running for 33.162)
