 ,-----. ,------. ,------.,------.   ,---. ,--------.,--. ,-----. ,--.  ,--. ,---. ,------.,------.   ,---.   ,-----.,--------.,--. ,-----. ,--.  ,--.  ,---. ,--------.,--. ,-----. ,--.  ,--.  ,---.  ,------. ,--.
'  .-.  '|  .--. '|  .---'|  .--. ' /  O  \'--.  .--'|  |'  .-.  '|  ,'.|  |'   .-'|  .---'|  .--. ' /  O  \ '  .--./'--.  .--'|  |'  .-.  '|  ,'.|  | /  O  \'--.  .--'|  |'  .-.  '|  ,'.|  | /  O  \ |  .--. '|  |
|  | |  ||  '--' ||  `--, |  '--'.'|  .-.  |  |  |   |  ||  | |  ||  |' '  |`.  `-.|  `--, |  '--'.'|  .-.  ||  |       |  |   |  ||  | |  ||  |' '  ||  .-.  |  |  |   |  ||  | |  ||  |' '  ||  .-.  ||  '--' ||  |
'  '-'  '|  | --' |  `---.|  |\  \ |  | |  |  |  |   |  |'  '-'  '|  | `   |.-'    |  |`   |  |\  \ |  | |  |'  '--'\   |  |   |  |'  '-'  '|  | `   ||  | |  |  |  |   |  |'  '-'  '|  | `   ||  | |  ||  | --' |  |
 `-----' `--'     `------'`--' '--'`--' `--'  `--'   `--' `-----' `--'  `--'`-----'`--'    `--' '--'`--' `--' `-----'   `--'   `--' `-----' `--'  `--'`--' `--'  `--'   `--' `-----' `--'  `--'`--' `--'`--'     `--'

Operations Fractionation Api 0.68.4-alpha.20
Powered by Spring Boot 3.5.16

[30m2026-08-26T14:24:44,107[m [32mINFO  [m[[1;34mmain[m] [36mStartupInfoLogger[m - Starting OperationsFractionationApiApplication v0.68.4-alpha.20 using Java 17.0.20.1 with PID 1 (/app/app.jar started by javauser in /app)
[30m2026-08-26T14:24:44,178[m [32mINFO  [m[[1;34mmain[m] [36mSpringApplication[m - The following 1 profile is active: "dev"
[30m2026-08-26T14:24:48,809[m [32mINFO  [m[[1;34mmain[m] [36mRepositoryConfigurationDelegate[m - Bootstrapping Spring Data JPA repositories in DEFAULT mode.
[30m2026-08-26T14:24:49,205[m [32mINFO  [m[[1;34mmain[m] [36mRepositoryConfigurationDelegate[m - Finished Spring Data repository scanning in 373 ms. Found 17 JPA repository interfaces.
[30m2026-08-26T14:24:52,028[m [32mINFO  [m[[1;34mmain[m] [36mTomcatWebServer[m - Tomcat initialized with port 8080 (http)
[30m2026-08-26T14:24:52,102[m [32mINFO  [m[[1;34mmain[m] [36mDirectJDKLog[m - Initializing ProtocolHandler ["http-nio-8080"]
[30m2026-08-26T14:24:52,106[m [32mINFO  [m[[1;34mmain[m] [36mDirectJDKLog[m - Starting service [Tomcat]
[30m2026-08-26T14:24:52,108[m [32mINFO  [m[[1;34mmain[m] [36mDirectJDKLog[m - Starting Servlet engine: [Apache Tomcat/11.0.24]
[30m2026-08-26T14:24:52,383[m [32mINFO  [m[[1;34mmain[m] [36mDirectJDKLog[m - Initializing Spring embedded WebApplicationContext
[30m2026-08-26T14:24:52,386[m [32mINFO  [m[[1;34mmain[m] [36mServletWebServerApplicationContext[m - Root WebApplicationContext: initialization completed in 8076 ms
[30m2026-08-26T14:24:55,196[m [32mINFO  [m[[1;34mmain[m] [36mSpringPersistenceUnitInfo[m - No LoadTimeWeaver setup: ignoring JPA class transformer
[30m2026-08-26T14:25:02,803[m [32mINFO  [m[[1;34mmain[m] [36mAbstractEntityManagerFactoryBean[m - Initialized JPA EntityManagerFactory for persistence unit 'default'
[30m2026-08-26T14:25:02,921[m [32mINFO  [m[[1;34mmain[m] [36mBatchAssignmentTransactionMetricsConfig[m - PERF_ASSIGNMENT_TX_CONFIG service=fracciones transactionManager=org.springframework.orm.jpa.JpaTransactionManager listenerRegistered=true listenerCount=1
[30m2026-08-26T14:25:04,793[m [32mINFO  [m[[1;34mmain[m] [36mQueryEnhancerFactory[m - Hibernate is in classpath; If applicable, HQL parser will be used.
[30m2026-08-26T14:25:08,083[m [32mINFO  [m[[1;34mmain[m] [36mBatchAssignmentServiceImpl[m - PERF_ASSIGNMENT_CONFIG service=fracciones podName=operaciones-fracciones-contado-back-app-66567885b7-p4b6t batchProcessingSize=80 rulesBatchEnabled=true
[30m2026-08-26T14:25:08,083[m [32mINFO  [m[[1;34mmain[m] [36mBatchAssignmentServiceImpl[m - PERF_ASSIGNMENT_PERSISTENCE_CONFIG service=fracciones podName=operaciones-fracciones-contado-back-app-66567885b7-p4b6t persistenceDiagnosticsEnabled=true preserveContextAfterSettlementDelete=true
[30m2026-08-26T14:25:11,198[m [32mINFO  [m[[1;34mmain[m] [36mEndpointLinksResolver[m - Exposing 3 endpoints beneath base path '/actuator'
[30m2026-08-26T14:25:11,490[m [32mINFO  [m[[1;34mmain[m] [36mDirectJDKLog[m - Starting ProtocolHandler ["http-nio-8080"]
[30m2026-08-26T14:25:11,716[m [32mINFO  [m[[1;34mmain[m] [36mTomcatWebServer[m - Tomcat started on port 8080 (http) with context path '/operations-fractionation-api'
[30m2026-08-26T14:25:11,783[m [32mINFO  [m[[1;34mmain[m] [36mStartupInfoLogger[m - Started OperationsFractionationApiApplication in 29.673 seconds (process running for 32.972)
